 print "hello"
SyntaxError: Missing parentheses in call to 'print'. Did you mean print("hello")?

IndexError: 
   L1=[1,2,3]
   L1[3]
Traceback (most recent call last):
File "<pyshell#18>", line 1, in <module>
L1[3]
IndexError: list index out of range

ModuleNotFoundError:

>>> import notamodule
Traceback (most recent call last):
File "<pyshell#10>", line 1, in <module>
import notamodule
ModuleNotFoundError: No module named 'notamodule'

KeyError:

>>> D1={'1':"aa", '2':"bb", '3':"cc"}
>>> D1['4']
Traceback (most recent call last):
File "<pyshell#15>", line 1, in <module>
D1['4']
KeyError: '4'

ImportError:

>>> from math import cube
Traceback (most recent call last):
File "<pyshell#16>", line 1, in <module>
from math import cube

ImportError: cannot import name 'cube'
StopIteration:
>>> it=iter([1,2,3])
>>> next(it)
1
>>> next(it)
2
>>> next(it)
3
>>> next(it)
Traceback (most recent call last):
File "<pyshell#23>", line 1, in <module>
next(it)
StopIteration
TypeError: 
>>> '2'+2
Traceback (most recent call last):
File "<pyshell#23>", line 1, in <module>
'2'+2
TypeError: must be str, not int
ValueError: 

>>> int('xyz')
Traceback (most recent call last):
File "<pyshell#14>", line 1, in <module>
int('xyz')
ValueError: invalid literal for int() with base 10: 'xyz'
NameError: 

>>> age
Traceback (most recent call last):
File "<pyshell#6>", line 1, in <module>
age
NameError: name 'age' is not defined
ZeroDivisionError: 
>>> x=100/0
Traceback (most recent call last):
File "<pyshell#8>", line 1, in <module>
x=100/0
ZeroDivisionError: division by zero
KeyboardInterrupt:

>>> name=input('enter your name')
enter your name^c
Traceback (most recent call last):
File "<pyshell#9>", line 1, in <module>
name=input('enter your name')
KeyboardInterrupt
